Microchip MPLAB XC8 Compiler V1.32 ()

Linker command line:

--edf=/Applications/microchip/xc8/v1.32/dat/en_msgs.txt -cs \
  -h+dist/default/production/nRF24L01_lib.production.sym \
  --cmf=dist/default/production/nRF24L01_lib.production.cmf -z -Q16F88 \
  -o/tmp/cgtKDcJZl -Mdist/default/production/nRF24L01_lib.production.map \
  -E1 -ver=XC8 -ASTACK=0110h-016fh -pstack=STACK -ACONST=00h-0FFhx16 \
  -ACODE=00h-07FFhx2 -ASTRCODE=00h-0FFFh -AENTRY=00h-0FFhx16 \
  -ASTRING=00h-0FFhx16 -ACOMMON=070h-07Fh -ABANK0=020h-06Fh \
  -ABANK1=0A0h-0EFh -ABANK2=0110h-016Fh -ABANK3=0190h-01EFh \
  -ARAM=020h-06Fh,0A0h-0EFh,0110h-016Fh,0190h-01EFh \
  -AABS1=020h-07Fh,0A0h-0EFh,0110h-016Fh,0190h-01EFh -ASFR0=00h-01Fh \
  -ASFR1=080h-09Fh -ASFR2=0100h-010Fh -ASFR3=0180h-018Fh \
  -preset_vec=00h,intentry,init,end_init -ppowerup=CODE -pcinit=CODE \
  -pfunctab=CODE -ACONFIG=02007h-02008h -pconfig=CONFIG -DCONFIG=2 \
  -AIDLOC=02000h-02003h -pidloc=IDLOC -DIDLOC=2 -AEEDATA=00h-0FFh/02100h \
  -peeprom_data=EEDATA -DEEDATA=2 -DCODE=2 -DSTRCODE=2 -DSTRING=2 -DCONST=2 \
  -DENTRY=2 -k /tmp/cgtmFt2dC.obj \
  dist/default/production/nRF24L01_lib.production.obj 

Object code version is 3.11

Machine type is 16F88



                Name                               Link     Load   Length Selector   Space Scale
/tmp/cgtmFt2dC.obj
                end_init                              0        0        2        0       0
                config                             2007     2007        2     400E       0
dist/default/production/nRF24L01_lib.production.obj
                cinit                               7FD      7FD        3      FFA       0
                text6                               7AA      7AA       53      F54       0
                text5                               76A      76A       1B      ED4       0
                text4                               758      758       12      EB0       0
                text3                               785      785       25      F0A       0
                text2                               73E      73E        C      E7C       0
                text1                               74A      74A        E      E94       0
                maintext                            737      737        7      E6E       0
                cstackBANK0                          20       20        E       20       1
                cstackCOMMON                         70       70        E       70       1

TOTAL           Name                               Link     Load   Length     Space
        CLASS   STACK          

        CLASS   CONST          

        CLASS   CODE           
                end_init                              0        0        2         0
                cinit                               7FD      7FD        3         0
                text6                               7AA      7AA       53         0
                text5                               76A      76A       1B         0
                text4                               758      758       12         0
                text3                               785      785       25         0
                text2                               73E      73E        C         0
                text1                               74A      74A        E         0
                maintext                            737      737        7         0

        CLASS   STRCODE        

        CLASS   ENTRY          

        CLASS   STRING         

        CLASS   COMMON         
                cstackCOMMON                         70       70        E         1

        CLASS   BANK0          
                cstackBANK0                          20       20        E         1

        CLASS   BANK1          

        CLASS   BANK2          

        CLASS   BANK3          

        CLASS   RAM            

        CLASS   ABS1           
                abs_s1                               7E       7E        2         1

        CLASS   SFR0           

        CLASS   SFR1           

        CLASS   SFR2           

        CLASS   SFR3           

        CLASS   CONFIG         
                config                             2007     2007        2         0

        CLASS   IDLOC          

        CLASS   EEDATA         



SEGMENTS        Name                           Load    Length   Top    Selector   Space  Class     Delta

                reset_vec                      000000  000002  000002         0       0  CODE        2
                cstackBANK0                    000020  00000E  00002E        20       1  BANK0       1
                cstackCOMMON                   000070  00000E  00007E        70       1  COMMON      1
                maintext                       000737  000007  00073E       E6E       0  CODE        2
                text2                          00073E  00000C  00074A       E7C       0  CODE        2
                text1                          00074A  00000E  000758       E94       0  CODE        2
                text4                          000758  000012  00076A       EB0       0  CODE        2
                text5                          00076A  00001B  000785       ED4       0  CODE        2
                text3                          000785  000025  0007AA       F0A       0  CODE        2
                text6                          0007AA  000053  0007FD       F54       0  CODE        2
                cinit                          0007FD  000003  000800       FFA       0  CODE        2
                config                         002007  000002  002009      400E       0  CONFIG      2


UNUSED ADDRESS RANGES

        Name                Unused          Largest block    Delta
        BANK0            002E-006F             42           1
        BANK1            00A0-00EF             50           1
        BANK2            0110-016F             60           1
        BANK3            0190-01EF             60           1
        CODE             0002-0736            735           2
                         0800-0FFF            800
        CONST            0002-0736            100           2
                         0800-0FFF            100
        EEDATA           2100-21FF            100           2
        ENTRY            0002-0736            100           2
                         0800-0FFF            100
        IDLOC            2000-2003              4           2
        RAM              002E-006F             42           1
                         00A0-00EF             50
                         0110-016F             60
                         0190-01EF             60
        SFR0             0000-001F             20           1
        SFR1             0080-009F             20           1
        SFR2             0100-010F             10           1
        SFR3             0180-018F             10           1
        STACK            0110-016F             60           1
        STRCODE          0002-0736            735           2
                         0800-0FFF            800
        STRING           0002-0736            100           2
                         0800-0FFF            100

                                  Symbol Table

_BF                          (abs)        04A0
_RB3                         (abs)        0033
_RB5                         (abs)        0035
_SSPBUF                      (abs)        0013
_SSPCON                      (abs)        0014
_SSPEN                       (abs)        00A5
_SSPSTAT                     (abs)        0094
_TRISB1                      (abs)        0431
_TRISB2                      (abs)        0432
_TRISB3                      (abs)        0433
_TRISB4                      (abs)        0434
_TRISB5                      (abs)        0435
__CFG_BOREN$OFF              (abs)        0000
__CFG_CCPMX$RB0              (abs)        0000
__CFG_CP$OFF                 (abs)        0000
__CFG_DEBUG$OFF              (abs)        0000
__CFG_FCMEN$OFF              (abs)        0000
__CFG_FOSC$XT                (abs)        0000
__CFG_IESO$OFF               (abs)        0000
__CFG_LVP$OFF                (abs)        0000
__CFG_MCLRE$ON               (abs)        0000
__CFG_PWRTE$OFF              (abs)        0000
__CFG_WDTE$OFF               (abs)        0000
__Habs1                      abs1         0000
__Hbank0                     bank0        0000
__Hbank1                     bank1        0000
__Hbank2                     bank2        0000
__Hbank3                     bank3        0000
__Hcinit                     cinit        0800
__Hclrtext                   clrtext      0000
__Hcode                      code         0000
__Hcommon                    common       0000
__Hconfig                    config       2009
__HcstackBANK0               cstackBANK0  0000
__HcstackCOMMON              cstackCOMMON 0000
__Heeprom_data               eeprom_data  0000
__Hend_init                  end_init     0002
__Hfunctab                   functab      0000
__Hidloc                     idloc        0000
__Hinit                      init         0000
__Hintentry                  intentry     0000
__Hmaintext                  maintext     0000
__Hpowerup                   powerup      0000
__Hram                       ram          0000
__Hreset_vec                 reset_vec    0000
__Hsfr0                      sfr0         0000
__Hsfr1                      sfr1         0000
__Hsfr2                      sfr2         0000
__Hsfr3                      sfr3         0000
__Hspace_0                   (abs)        2009
__Hspace_1                   (abs)        007E
__Hspace_2                   (abs)        0000
__Hspace_3                   (abs)        0000
__Hstack                     stack        0000
__Hstrings                   strings      0000
__Htext                      text         0000
__Labs1                      abs1         0000
__Lbank0                     bank0        0000
__Lbank1                     bank1        0000
__Lbank2                     bank2        0000
__Lbank3                     bank3        0000
__Lcinit                     cinit        07FD
__Lclrtext                   clrtext      0000
__Lcode                      code         0000
__Lcommon                    common       0000
__Lconfig                    config       2007
__LcstackBANK0               cstackBANK0  0000
__LcstackCOMMON              cstackCOMMON 0000
__Leeprom_data               eeprom_data  0000
__Lend_init                  end_init     0000
__Lfunctab                   functab      0000
__Lidloc                     idloc        0000
__Linit                      init         0000
__Lintentry                  intentry     0000
__Lmaintext                  maintext     0000
__Lpowerup                   powerup      0000
__Lram                       ram          0000
__Lreset_vec                 reset_vec    0000
__Lsfr0                      sfr0         0000
__Lsfr1                      sfr1         0000
__Lsfr2                      sfr2         0000
__Lsfr3                      sfr3         0000
__Lspace_0                   (abs)        0000
__Lspace_1                   (abs)        0000
__Lspace_2                   (abs)        0000
__Lspace_3                   (abs)        0000
__Lstack                     stack        0000
__Lstrings                   strings      0000
__Ltext                      text         0000
__S0                         (abs)        2009
__S1                         (abs)        007E
__S2                         (abs)        0000
__S3                         (abs)        0000
___int_sp                    stack        0000
___latbits                   (abs)        0001
___sp                        stack        0000
__end_of__initialization     cinit        07FD
__end_of_main                maintext     073E
__end_of_nRF24_PD_mode       text3        07AA
__end_of_nRF24_init          text1        0758
__end_of_nRF24_read_reg      text5        0785
__end_of_nRF24_send_CMD      text6        07FD
__end_of_nRF24_write_reg     text4        076A
__end_of_spi_init            text2        074A
__initialization             cinit        07FD
__pcstackBANK0               cstackBANK0  0020
__pcstackCOMMON              cstackCOMMON 0070
__pmaintext                  maintext     0737
__ptext0                     text0        0000
__ptext1                     text1        074A
__ptext2                     text2        073E
__ptext3                     text3        0785
__ptext4                     text4        0758
__ptext5                     text5        076A
__ptext6                     text6        07AA
__size_of_main               (abs)        0000
__size_of_nRF24_PD_mode      (abs)        0000
__size_of_nRF24_init         (abs)        0000
__size_of_nRF24_read_reg     (abs)        0000
__size_of_nRF24_send_CMD     (abs)        0000
__size_of_nRF24_write_reg    (abs)        0000
__size_of_spi_init           (abs)        0000
_main                        maintext     0737
_nRF24_PD_mode               text3        0785
_nRF24_init                  text1        074A
_nRF24_read_reg              text5        076A
_nRF24_send_CMD              text6        07AA
_nRF24_write_reg             text4        0758
_spi_init                    text2        073E
btemp                        (abs)        007E
end_of_initialization        cinit        07FD
intlevel0                    functab      0000
intlevel1                    functab      0000
intlevel2                    functab      0000
intlevel3                    functab      0000
intlevel4                    functab      0000
intlevel5                    functab      0000
ltemp                        (abs)        007E
ltemp0                       (abs)        007E
ltemp1                       (abs)        0082
ltemp2                       (abs)        0086
ltemp3                       (abs)        0080
nRF24_PD_mode@data           cstackBANK0  0029
nRF24_PD_mode@status         cstackBANK0  0028
nRF24_read_reg@bytes_length  cstackCOMMON 007D
nRF24_read_reg@data          cstackBANK0  0024
nRF24_read_reg@data_reg      cstackCOMMON 007C
nRF24_read_reg@reg           cstackBANK0  0023
nRF24_read_reg@tmp           cstackBANK0  0025
nRF24_send_CMD@cmd           cstackCOMMON 0076
nRF24_send_CMD@nRF24_status  cstackCOMMON 0077
nRF24_send_CMD@rxbytecount   cstackCOMMON 0073
nRF24_send_CMD@rxbytes       cstackCOMMON 007B
nRF24_send_CMD@rxdata        cstackCOMMON 0072
nRF24_send_CMD@rxi           cstackCOMMON 0079
nRF24_send_CMD@txbytecount   cstackCOMMON 0071
nRF24_send_CMD@txbytes       cstackCOMMON 007A
nRF24_send_CMD@txdata        cstackCOMMON 0070
nRF24_send_CMD@txi           cstackCOMMON 0078
nRF24_write_reg@bytes_length cstackCOMMON 007D
nRF24_write_reg@data_reg     cstackCOMMON 007C
nRF24_write_reg@reg          cstackBANK0  0022
reset_vec                    reset_vec    0000
stackhi                      (abs)        0000
stacklo                      (abs)        0000
start                        init         0000
start_initialization         cinit        07FD
ttemp                        (abs)        007E
ttemp0                       (abs)        007E
ttemp1                       (abs)        0081
ttemp2                       (abs)        0084
ttemp3                       (abs)        0087
ttemp4                       (abs)        007F
wtemp                        (abs)        007E
wtemp0                       (abs)        007E
wtemp1                       (abs)        0080
wtemp2                       (abs)        0082
wtemp3                       (abs)        0084
wtemp4                       (abs)        0086
wtemp5                       (abs)        0088
wtemp6                       (abs)        007F


FUNCTION INFORMATION:

 *************** function _main *****************
 Defined at:
		line 18 in file "main.c"
 Parameters:    Size  Location     Type
  argc            2   10[BANK0 ] int 
  argv            2   12[BANK0 ] PTR PTR unsigned char 
 Auto vars:     Size  Location     Type
		None
 Return value:  Size  Location     Type
                  2   10[BANK0 ] int 
 Registers used:
		wreg, fsr0l, fsr0h, status,2, status,0, pclath, cstack
 Tracked objects:
		On entry : 
		On exit  : 
		Unchanged: 
 Data sizes:     COMMON   BANK0   BANK1   BANK3   BANK2
      Params:         0       4       0       0       0
      Locals:         0       0       0       0       0
      Temps:          0       0       0       0       0
      Totals:         0       4       0       0       0
Total ram usage:        4 bytes
 Hardware stack levels required when called:    4
 This function calls:
		_nRF24_init
		_spi_init
 This function is called by:
		Startup code after reset
 This function uses a non-reentrant model


 *************** function _nRF24_init *****************
 Defined at:
		line 46 in file "nRF24L0.c"
 Parameters:    Size  Location     Type
		None
 Auto vars:     Size  Location     Type
		None
 Return value:  Size  Location     Type
		None               void
 Registers used:
		wreg, fsr0l, fsr0h, status,2, status,0, pclath, cstack
 Tracked objects:
		On entry : 
		On exit  : 
		Unchanged: 
 Data sizes:     COMMON   BANK0   BANK1   BANK3   BANK2
      Params:         0       0       0       0       0
      Locals:         0       0       0       0       0
      Temps:          0       0       0       0       0
      Totals:         0       0       0       0       0
Total ram usage:        0 bytes
 Hardware stack levels used:    1
 Hardware stack levels required when called:    3
 This function calls:
		_nRF24_PD_mode
		_spi_init
 This function is called by:
		_main
 This function uses a non-reentrant model


 *************** function _spi_init *****************
 Defined at:
		line 7 in file "../spi_lib/spi.c"
 Parameters:    Size  Location     Type
		None
 Auto vars:     Size  Location     Type
		None
 Return value:  Size  Location     Type
		None               void
 Registers used:
		wreg
 Tracked objects:
		On entry : 
		On exit  : 
		Unchanged: 
 Data sizes:     COMMON   BANK0   BANK1   BANK3   BANK2
      Params:         0       0       0       0       0
      Locals:         0       0       0       0       0
      Temps:          0       0       0       0       0
      Totals:         0       0       0       0       0
Total ram usage:        0 bytes
 Hardware stack levels used:    1
 This function calls:
		Nothing
 This function is called by:
		_nRF24_init
		_main
 This function uses a non-reentrant model


 *************** function _nRF24_PD_mode *****************
 Defined at:
		line 109 in file "nRF24L0.c"
 Parameters:    Size  Location     Type
		None
 Auto vars:     Size  Location     Type
  data            1    9[BANK0 ] unsigned char 
  status          1    8[BANK0 ] unsigned char 
 Return value:  Size  Location     Type
                  1    wreg      unsigned char 
 Registers used:
		wreg, fsr0l, fsr0h, status,2, status,0, pclath, cstack
 Tracked objects:
		On entry : 
		On exit  : 
		Unchanged: 
 Data sizes:     COMMON   BANK0   BANK1   BANK3   BANK2
      Params:         0       0       0       0       0
      Locals:         0       2       0       0       0
      Temps:          0       2       0       0       0
      Totals:         0       4       0       0       0
Total ram usage:        4 bytes
 Hardware stack levels used:    1
 Hardware stack levels required when called:    2
 This function calls:
		_nRF24_read_reg
		_nRF24_write_reg
 This function is called by:
		_nRF24_init
 This function uses a non-reentrant model


 *************** function _nRF24_write_reg *****************
 Defined at:
		line 67 in file "nRF24L0.c"
 Parameters:    Size  Location     Type
  reg             1    wreg     unsigned char 
  data_reg        1   12[COMMON] PTR unsigned char 
		 -> setup_rx_data_pipe@sizePL(1), setup_RF@rf_ch(1), setup_RF@data(1), setup_EShockBurst@addressEspaceSize(1), 
		 -> setup_EShockBurst@data(1), nRF24_SBII_mode@data(1), nRF24_SBI_mode@data(1), nRF24_TX_mode@data(1), 
		 -> nRF24_RX_mode@data(1), nRF24_PD_mode@data(1), nRF24_res_bit@data(1), nRF24_set_bit@data(1), 
  bytes_length    1   13[COMMON] unsigned char 
 Auto vars:     Size  Location     Type
  reg             1    2[BANK0 ] unsigned char 
 Return value:  Size  Location     Type
                  1    wreg      unsigned char 
 Registers used:
		wreg, fsr0l, fsr0h, status,2, status,0, pclath, cstack
 Tracked objects:
		On entry : 
		On exit  : 
		Unchanged: 
 Data sizes:     COMMON   BANK0   BANK1   BANK3   BANK2
      Params:         2       0       0       0       0
      Locals:         0       1       0       0       0
      Temps:          0       2       0       0       0
      Totals:         2       3       0       0       0
Total ram usage:        5 bytes
 Hardware stack levels used:    1
 Hardware stack levels required when called:    1
 This function calls:
		_nRF24_send_CMD
 This function is called by:
		_nRF24_PD_mode
		_nRF24_set_bit
		_nRF24_res_bit
		_nRF24_RX_mode
		_nRF24_TX_mode
		_nRF24_SBI_mode
		_nRF24_SBII_mode
		_setup_EShockBurst
		_setup_RF
		_setup_rx_data_pipe
 This function uses a non-reentrant model


 *************** function _nRF24_read_reg *****************
 Defined at:
		line 58 in file "nRF24L0.c"
 Parameters:    Size  Location     Type
  reg             1    wreg     unsigned char 
  data_reg        1   12[COMMON] PTR unsigned char 
		 -> nRF24_SBII_mode@data(1), nRF24_SBI_mode@data(1), nRF24_TX_mode@data(1), nRF24_RX_mode@data(1), 
		 -> nRF24_PD_mode@data(1), nRF24_res_bit@data(1), nRF24_set_bit@data(1), 
  bytes_length    1   13[COMMON] unsigned char 
 Auto vars:     Size  Location     Type
  reg             1    3[BANK0 ] unsigned char 
  tmp             1    5[BANK0 ] unsigned char 
  data            1    4[BANK0 ] unsigned char 
 Return value:  Size  Location     Type
                  1    wreg      unsigned char 
 Registers used:
		wreg, fsr0l, fsr0h, status,2, status,0, pclath, cstack
 Tracked objects:
		On entry : 
		On exit  : 
		Unchanged: 
 Data sizes:     COMMON   BANK0   BANK1   BANK3   BANK2
      Params:         2       0       0       0       0
      Locals:         0       3       0       0       0
      Temps:          0       3       0       0       0
      Totals:         2       6       0       0       0
Total ram usage:        8 bytes
 Hardware stack levels used:    1
 Hardware stack levels required when called:    1
 This function calls:
		_nRF24_send_CMD
 This function is called by:
		_nRF24_PD_mode
		_nRF24_set_bit
		_nRF24_res_bit
		_nRF24_RX_mode
		_nRF24_TX_mode
		_nRF24_SBI_mode
		_nRF24_SBII_mode
 This function uses a non-reentrant model


 *************** function _nRF24_send_CMD *****************
 Defined at:
		line 10 in file "nRF24L0.c"
 Parameters:    Size  Location     Type
  cmd             1    wreg     unsigned char 
  txdata          1    0[COMMON] PTR unsigned char 
		 -> setup_rx_data_pipe@sizePL(1), setup_RF@rf_ch(1), setup_RF@data(1), setup_EShockBurst@addressEspaceSize(1), 
		 -> setup_EShockBurst@data(1), nRF24_SBII_mode@data(1), nRF24_SBI_mode@data(1), nRF24_TX_mode@data(1), 
		 -> nRF24_RX_mode@data(1), nRF24_PD_mode@data(1), nRF24_res_bit@data(1), nRF24_set_bit@data(1), 
		 -> NULL(0), 
  txbytecount     1    1[COMMON] unsigned char 
  rxdata          1    2[COMMON] PTR unsigned char 
		 -> nRF24_SBII_mode@data(1), nRF24_SBI_mode@data(1), nRF24_TX_mode@data(1), nRF24_RX_mode@data(1), 
		 -> nRF24_PD_mode@data(1), nRF24_res_bit@data(1), nRF24_set_bit@data(1), NULL(0), 
  rxbytecount     1    3[COMMON] unsigned char 
 Auto vars:     Size  Location     Type
  cmd             1    6[COMMON] unsigned char 
  rxbytes         1   11[COMMON] unsigned char 
  txbytes         1   10[COMMON] unsigned char 
  rxi             1    9[COMMON] unsigned char 
  txi             1    8[COMMON] unsigned char 
  nRF24_status    1    7[COMMON] unsigned char 
 Return value:  Size  Location     Type
                  1    wreg      unsigned char 
 Registers used:
		wreg, fsr0l, fsr0h, status,2, status,0
 Tracked objects:
		On entry : 
		On exit  : 
		Unchanged: 
 Data sizes:     COMMON   BANK0   BANK1   BANK3   BANK2
      Params:         4       0       0       0       0
      Locals:         6       0       0       0       0
      Temps:          2       0       0       0       0
      Totals:        12       0       0       0       0
Total ram usage:       12 bytes
 Hardware stack levels used:    1
 This function calls:
		Nothing
 This function is called by:
		_nRF24_read_reg
		_nRF24_write_reg
 This function uses a non-reentrant model



MODULE INFORMATION

Module		Function		Class		Link	Load	Size
nRF24L0.c
		_nRF24_PD_mode 		CODE           	0785	0000	37
		_nRF24_init    		CODE           	074A	0000	14
		_nRF24_send_CMD		CODE           	07AA	0000	83
		_nRF24_write_re		CODE           	0758	0000	18
		_nRF24_read_reg		CODE           	076A	0000	27

nRF24L0.c estimated size: 179

../spi_lib/spi.c
		_spi_init      		CODE           	073E	0000	12

../spi_lib/spi.c estimated size: 12

shared
		__initializatio		CODE           	07FD	0000	0

shared estimated size: 0

main.c
		_main          		CODE           	0737	0000	7

main.c estimated size: 7

